> Task :app:checkKotlinGradlePluginConfigurationErrors SKIPPED
> Task :app:preBuild UP-TO-DATE
> Task :app:preDebugBuild UP-TO-DATE
> Task :app:checkDebugAarMetadata UP-TO-DATE
> Task :app:generateDebugResValues UP-TO-DATE
> Task :app:mapDebugSourceSetPaths UP-TO-DATE
> Task :app:generateDebugResources UP-TO-DATE
> Task :app:mergeDebugResources UP-TO-DATE
> Task :app:packageDebugResources UP-TO-DATE
> Task :app:parseDebugLocalResources UP-TO-DATE
> Task :app:createDebugCompatibleScreenManifests UP-TO-DATE
> Task :app:extractDeepLinksDebug UP-TO-DATE
> Task :app:processDebugMainManifest UP-TO-DATE
> Task :app:processDebugManifest UP-TO-DATE
> Task :app:processDebugManifestForPackage UP-TO-DATE
> Task :app:processDebugResources UP-TO-DATE
> Task :app:kspDebugKotlin UP-TO-DATE

> Task :app:compileDebugKotlin FAILED
15 actionable tasks: 1 executed, 14 up-to-date
./gradlew : e: file:///F:/KitsuOne/app/src/main/java/com/example/kitsuone/ui/scr
eens/details/DetailsScreen.kt:291:37 Argument type mismatch: actual type is 
'kotlin.String?', but 'kotlin.String' was expected.
At line:1 char:1
+ ./gradlew :app:compileDebugKotlin --console=plain 2>&1 | Out-File -Fi ...
+ ~~~~~~~~~~~~~~~~~~~~~~~~~~~~~~~~~~~~~~~~~~~~~~~~~~~~~~
    + CategoryInfo          : NotSpecified: (e: file:///F:/K...' was expected.: 
   String) [], RemoteException
    + FullyQualifiedErrorId : NativeCommandError
 
e: file:///F:/KitsuOne/app/src/main/java/com/example/kitsuone/ui/screens/home/Ho
meScreen.kt:147:18 Unresolved reference 'spotlight'.
e: file:///F:/KitsuOne/app/src/main/java/com/example/kitsuone/ui/screens/home/Ho
meScreen.kt:167:32 Unresolved reference 'spotlight'.
e: file:///F:/KitsuOne/app/src/main/java/com/example/kitsuone/ui/screens/home/Ho
meScreen.kt:169:37 Argument type mismatch: actual type is 'kotlin.Int', but 
'com.example.kitsuone.data.model.AnimeCommon' was expected.
e: file:///F:/KitsuOne/app/src/main/java/com/example/kitsuone/ui/screens/home/Ho
meScreen.kt:170:60 Unresolved reference 'id'.

FAILURE: Build failed with an exception.

* What went wrong:
Execution failed for task ':app:compileDebugKotlin'.
> A failure occurred while executing org.jetbrains.kotlin.compilerRunner.GradleC
ompilerRunnerWithWorkers$GradleKotlinCompilerWorkAction
   > Compilation error. See log for more details

* Try:
> Run with --stacktrace option to get the stack trace.
> Run with --info or --debug option to get more log output.
> Run with --scan to get full insights.
> Get more help at https://help.gradle.org.

BUILD FAILED in 10s
